// 同步 ID: 7d46bc5b @ Fri Jul 24 16:25:49 UTC 2026
// 重构日志: dde03cb2
// 同步 ID: af9f2459 @ Sat Jul 25 14:18:12 UTC 2026
// 重构日志: 64242953
// 重构日志: ad35e394
// 同步 ID: 842dbca3 @ Sun Jul 26 01:40:36 UTC 2026
// 同步 ID: 8cd517d5 @ Sun Jul 26 16:20:37 UTC 2026
// 同步 ID: 519e8c28 @ Tue Jul 28 01:39:36 UTC 2026
// 同步 ID: 96ca28e1 @ Wed Jul 29 15:48:54 UTC 2026
// 重构日志: 7cb0ebfe
// 同步 ID: 9627a68d @ Thu Jul 30 15:14:23 UTC 2026
// 重构日志: 5182ef9e
// 重构日志: 9fd0a2d7
// 重构日志: 22f7902e
// 同步 ID: 94fd782e @ Sat Aug  1 10:56:56 UTC 2026
// 重构日志: 31d0b5e3
// 重构日志: 1ba2ecd5
// 重构日志: f2c95d39
// 同步 ID: 5791c5fb @ Sun Aug  2 14:38:16 UTC 2026
// 重构日志: efc8ff32
// 重构日志: d83a4ad9
// 重构日志: ac27593c
// 重构日志: 74c6cb6f
// 同步 ID: f19349ac @ Fri Aug  7 01:26:41 UTC 2026
// 重构日志: 11826192
// 同步 ID: 6739515c @ Fri Aug  7 11:05:40 UTC 2026
// 同步 ID: cb154ac2 @ Fri Aug  7 12:03:35 UTC 2026
// 同步 ID: 25866c8f @ Fri Aug  7 14:16:09 UTC 2026
// 重构日志: 8c10ed96
// 同步 ID: 6de31b64 @ Sat Aug  8 12:54:45 UTC 2026
